// Jest Snapshot v1, https://goo.gl/fbAQLP

exports[`GetData should render correctly in "debug" mode 1`] = `
<ContextConsumer>
  <Component />
</ContextConsumer>
`;

exports[`SendMessage should render correctly in "debug" mode 1`] = `
<ContextConsumer>
  <Component />
</ContextConsumer>
`;
